<?xml version="1.0" encoding="UTF-8"?>
<TestRun id="12817004-03d0-49c4-ad1f-73d1ea8c4952" name="tncbbthositg@PATRICKSDESKPRO 2011-07-13 23:23:11" runUser="PatricksDeskPro\tncbbthositg" xmlns="http://microsoft.com/schemas/VisualStudio/TeamTest/2010">
  <TestSettings name="Default Test Settings" id="1104ac97-9544-4d3b-aea4-41c3ba22a33a">
    <Deployment runDeploymentRoot="tncbbthositg_PATRICKSDESKPRO 2011-07-13 23_23_11">
      <DeploymentItem filename="C:\Users\tncbbthositg\Documents\Version Repositories\GitHub\ObjectFormatter\ObjectFormatter\bin\Debug\ObjectFormatting.dll" />
    </Deployment>
    <Execution>
      <TestTypeSpecific />
      <AgentRule name="Execution Agents">
      </AgentRule>
    </Execution>
  </TestSettings>
  <Times creation="2011-07-13T23:23:11.4049619-04:00" queuing="2011-07-13T23:23:11.5049676-04:00" start="2011-07-13T23:23:11.5179684-04:00" finish="2011-07-13T23:23:11.7479815-04:00" />
  <ResultSummary outcome="Completed">
    <Counters total="7" executed="7" passed="7" error="0" failed="0" timeout="0" aborted="0" inconclusive="0" passedButRunAborted="0" notRunnable="0" notExecuted="0" disconnected="0" warning="0" completed="0" inProgress="0" pending="0" />
  </ResultSummary>
  <TestDefinitions>
    <UnitTest name="CanEscapeSquirlyBrackets" storage="c:\users\tncbbthositg\documents\version repositories\github\objectformatter\objectformattertests\bin\debug\objectformattertests.dll" id="458ea6c3-4507-616b-db27-f3435efe7026">
      <Execution id="bcf74737-c5bb-441c-84c9-c0bce9ef83ab" />
      <TestMethod codeBase="C:/Users/tncbbthositg/Documents/Version Repositories/GitHub/ObjectFormatter/ObjectFormatterTests/bin/Debug/ObjectFormatterTests.DLL" adapterTypeName="Microsoft.VisualStudio.TestTools.TestTypes.Unit.UnitTestAdapter, Microsoft.VisualStudio.QualityTools.Tips.UnitTest.Adapter, Version=10.0.0.0, Culture=neutral, PublicKeyToken=b03f5f7f11d50a3a" className="ObjectFormatterTests.ObjectFormatterUnitTest, ObjectFormatterTests, Version=1.0.0.0, Culture=neutral, PublicKeyToken=null" name="CanEscapeSquirlyBrackets" />
    </UnitTest>
    <UnitTest name="CanUseDictionaryForValues" storage="c:\users\tncbbthositg\documents\version repositories\github\objectformatter\objectformattertests\bin\debug\objectformattertests.dll" id="7c8bc13f-09e0-d563-ec19-ab74427fbcfb">
      <Execution id="ee0b1fe0-ecdc-4c60-bce7-1640bc5a4ad6" />
      <TestMethod codeBase="C:/Users/tncbbthositg/Documents/Version Repositories/GitHub/ObjectFormatter/ObjectFormatterTests/bin/Debug/ObjectFormatterTests.DLL" adapterTypeName="Microsoft.VisualStudio.TestTools.TestTypes.Unit.UnitTestAdapter, Microsoft.VisualStudio.QualityTools.Tips.UnitTest.Adapter, Version=10.0.0.0, Culture=neutral, PublicKeyToken=b03f5f7f11d50a3a" className="ObjectFormatterTests.ObjectFormatterUnitTest, ObjectFormatterTests, Version=1.0.0.0, Culture=neutral, PublicKeyToken=null" name="CanUseDictionaryForValues" />
    </UnitTest>
    <UnitTest name="CanOutputBasicFormat" storage="c:\users\tncbbthositg\documents\version repositories\github\objectformatter\objectformattertests\bin\debug\objectformattertests.dll" id="7f446857-0d8d-0637-ab39-c34f792e0169">
      <Execution id="7d50a68a-3af5-4959-8901-76c7e620fa8c" />
      <TestMethod codeBase="C:/Users/tncbbthositg/Documents/Version Repositories/GitHub/ObjectFormatter/ObjectFormatterTests/bin/Debug/ObjectFormatterTests.DLL" adapterTypeName="Microsoft.VisualStudio.TestTools.TestTypes.Unit.UnitTestAdapter, Microsoft.VisualStudio.QualityTools.Tips.UnitTest.Adapter, Version=10.0.0.0, Culture=neutral, PublicKeyToken=b03f5f7f11d50a3a" className="ObjectFormatterTests.ObjectFormatterUnitTest, ObjectFormatterTests, Version=1.0.0.0, Culture=neutral, PublicKeyToken=null" name="CanOutputBasicFormat" />
    </UnitTest>
    <UnitTest name="CanAccessChildProperties" storage="c:\users\tncbbthositg\documents\version repositories\github\objectformatter\objectformattertests\bin\debug\objectformattertests.dll" id="7b8c24c3-ea9c-3ef0-7cf3-f28298cfdec7">
      <Execution id="657ddea4-cd35-4019-9170-c10d2034a57b" />
      <TestMethod codeBase="C:/Users/tncbbthositg/Documents/Version Repositories/GitHub/ObjectFormatter/ObjectFormatterTests/bin/Debug/ObjectFormatterTests.DLL" adapterTypeName="Microsoft.VisualStudio.TestTools.TestTypes.Unit.UnitTestAdapter, Microsoft.VisualStudio.QualityTools.Tips.UnitTest.Adapter, Version=10.0.0.0, Culture=neutral, PublicKeyToken=b03f5f7f11d50a3a" className="ObjectFormatterTests.ObjectFormatterUnitTest, ObjectFormatterTests, Version=1.0.0.0, Culture=neutral, PublicKeyToken=null" name="CanAccessChildProperties" />
    </UnitTest>
    <UnitTest name="CanUseIndexers" storage="c:\users\tncbbthositg\documents\version repositories\github\objectformatter\objectformattertests\bin\debug\objectformattertests.dll" id="0a41fb0f-a8b0-b3ac-6e30-7c40c15df401">
      <Execution id="d104f1e2-9ac5-4c3f-80fb-67955e24803d" />
      <TestMethod codeBase="C:/Users/tncbbthositg/Documents/Version Repositories/GitHub/ObjectFormatter/ObjectFormatterTests/bin/Debug/ObjectFormatterTests.DLL" adapterTypeName="Microsoft.VisualStudio.TestTools.TestTypes.Unit.UnitTestAdapter, Microsoft.VisualStudio.QualityTools.Tips.UnitTest.Adapter, Version=10.0.0.0, Culture=neutral, PublicKeyToken=b03f5f7f11d50a3a" className="ObjectFormatterTests.ObjectFormatterUnitTest, ObjectFormatterTests, Version=1.0.0.0, Culture=neutral, PublicKeyToken=null" name="CanUseIndexers" />
    </UnitTest>
    <UnitTest name="CanUseStringFormatSpecifiers" storage="c:\users\tncbbthositg\documents\version repositories\github\objectformatter\objectformattertests\bin\debug\objectformattertests.dll" id="ff11ac98-56b6-363f-e9f4-3cc4ba98e077">
      <Execution id="0c048809-c1d3-4ee4-a94f-48db9ecbe29b" />
      <TestMethod codeBase="C:/Users/tncbbthositg/Documents/Version Repositories/GitHub/ObjectFormatter/ObjectFormatterTests/bin/Debug/ObjectFormatterTests.DLL" adapterTypeName="Microsoft.VisualStudio.TestTools.TestTypes.Unit.UnitTestAdapter, Microsoft.VisualStudio.QualityTools.Tips.UnitTest.Adapter, Version=10.0.0.0, Culture=neutral, PublicKeyToken=b03f5f7f11d50a3a" className="ObjectFormatterTests.ObjectFormatterUnitTest, ObjectFormatterTests, Version=1.0.0.0, Culture=neutral, PublicKeyToken=null" name="CanUseStringFormatSpecifiers" />
    </UnitTest>
    <UnitTest name="CanOutputConstant" storage="c:\users\tncbbthositg\documents\version repositories\github\objectformatter\objectformattertests\bin\debug\objectformattertests.dll" id="eb13288a-d1dc-03bb-1d0f-1b53fd2114f4">
      <Execution id="63dd2a38-d316-499a-acea-acfc4f996779" />
      <TestMethod codeBase="C:/Users/tncbbthositg/Documents/Version Repositories/GitHub/ObjectFormatter/ObjectFormatterTests/bin/Debug/ObjectFormatterTests.DLL" adapterTypeName="Microsoft.VisualStudio.TestTools.TestTypes.Unit.UnitTestAdapter, Microsoft.VisualStudio.QualityTools.Tips.UnitTest.Adapter, Version=10.0.0.0, Culture=neutral, PublicKeyToken=b03f5f7f11d50a3a" className="ObjectFormatterTests.ObjectFormatterUnitTest, ObjectFormatterTests, Version=1.0.0.0, Culture=neutral, PublicKeyToken=null" name="CanOutputConstant" />
    </UnitTest>
  </TestDefinitions>
  <TestLists>
    <TestList name="Results Not in a List" id="8c84fa94-04c1-424b-9868-57a2d4851a1d" />
    <TestList name="All Loaded Results" id="19431567-8539-422a-85d7-44ee4e166bda" />
  </TestLists>
  <TestEntries>
    <TestEntry testId="eb13288a-d1dc-03bb-1d0f-1b53fd2114f4" executionId="63dd2a38-d316-499a-acea-acfc4f996779" testListId="8c84fa94-04c1-424b-9868-57a2d4851a1d" />
    <TestEntry testId="7f446857-0d8d-0637-ab39-c34f792e0169" executionId="7d50a68a-3af5-4959-8901-76c7e620fa8c" testListId="8c84fa94-04c1-424b-9868-57a2d4851a1d" />
    <TestEntry testId="ff11ac98-56b6-363f-e9f4-3cc4ba98e077" executionId="0c048809-c1d3-4ee4-a94f-48db9ecbe29b" testListId="8c84fa94-04c1-424b-9868-57a2d4851a1d" />
    <TestEntry testId="458ea6c3-4507-616b-db27-f3435efe7026" executionId="bcf74737-c5bb-441c-84c9-c0bce9ef83ab" testListId="8c84fa94-04c1-424b-9868-57a2d4851a1d" />
    <TestEntry testId="7b8c24c3-ea9c-3ef0-7cf3-f28298cfdec7" executionId="657ddea4-cd35-4019-9170-c10d2034a57b" testListId="8c84fa94-04c1-424b-9868-57a2d4851a1d" />
    <TestEntry testId="0a41fb0f-a8b0-b3ac-6e30-7c40c15df401" executionId="d104f1e2-9ac5-4c3f-80fb-67955e24803d" testListId="8c84fa94-04c1-424b-9868-57a2d4851a1d" />
    <TestEntry testId="7c8bc13f-09e0-d563-ec19-ab74427fbcfb" executionId="ee0b1fe0-ecdc-4c60-bce7-1640bc5a4ad6" testListId="8c84fa94-04c1-424b-9868-57a2d4851a1d" />
  </TestEntries>
  <Results>
    <UnitTestResult executionId="63dd2a38-d316-499a-acea-acfc4f996779" testId="eb13288a-d1dc-03bb-1d0f-1b53fd2114f4" testName="CanOutputConstant" computerName="PATRICKSDESKPRO" duration="00:00:00.0130155" startTime="2011-07-13T23:23:11.5209685-04:00" endTime="2011-07-13T23:23:11.6929784-04:00" testType="13cdc9d9-ddb5-4fa4-a97d-d965ccfc6d4b" outcome="Passed" testListId="8c84fa94-04c1-424b-9868-57a2d4851a1d" relativeResultsDirectory="63dd2a38-d316-499a-acea-acfc4f996779">
    </UnitTestResult>
    <UnitTestResult executionId="7d50a68a-3af5-4959-8901-76c7e620fa8c" testId="7f446857-0d8d-0637-ab39-c34f792e0169" testName="CanOutputBasicFormat" computerName="PATRICKSDESKPRO" duration="00:00:00.0040222" startTime="2011-07-13T23:23:11.6939784-04:00" endTime="2011-07-13T23:23:11.7019789-04:00" testType="13cdc9d9-ddb5-4fa4-a97d-d965ccfc6d4b" outcome="Passed" testListId="8c84fa94-04c1-424b-9868-57a2d4851a1d" relativeResultsDirectory="7d50a68a-3af5-4959-8901-76c7e620fa8c">
    </UnitTestResult>
    <UnitTestResult executionId="0c048809-c1d3-4ee4-a94f-48db9ecbe29b" testId="ff11ac98-56b6-363f-e9f4-3cc4ba98e077" testName="CanUseStringFormatSpecifiers" computerName="PATRICKSDESKPRO" duration="00:00:00.0020367" startTime="2011-07-13T23:23:11.7029790-04:00" endTime="2011-07-13T23:23:11.7099794-04:00" testType="13cdc9d9-ddb5-4fa4-a97d-d965ccfc6d4b" outcome="Passed" testListId="8c84fa94-04c1-424b-9868-57a2d4851a1d" relativeResultsDirectory="0c048809-c1d3-4ee4-a94f-48db9ecbe29b">
    </UnitTestResult>
    <UnitTestResult executionId="bcf74737-c5bb-441c-84c9-c0bce9ef83ab" testId="458ea6c3-4507-616b-db27-f3435efe7026" testName="CanEscapeSquirlyBrackets" computerName="PATRICKSDESKPRO" duration="00:00:00.0005472" startTime="2011-07-13T23:23:11.7109794-04:00" endTime="2011-07-13T23:23:11.7159797-04:00" testType="13cdc9d9-ddb5-4fa4-a97d-d965ccfc6d4b" outcome="Passed" testListId="8c84fa94-04c1-424b-9868-57a2d4851a1d" relativeResultsDirectory="bcf74737-c5bb-441c-84c9-c0bce9ef83ab">
    </UnitTestResult>
    <UnitTestResult executionId="657ddea4-cd35-4019-9170-c10d2034a57b" testId="7b8c24c3-ea9c-3ef0-7cf3-f28298cfdec7" testName="CanAccessChildProperties" computerName="PATRICKSDESKPRO" duration="00:00:00.0013999" startTime="2011-07-13T23:23:11.7179798-04:00" endTime="2011-07-13T23:23:11.7239802-04:00" testType="13cdc9d9-ddb5-4fa4-a97d-d965ccfc6d4b" outcome="Passed" testListId="8c84fa94-04c1-424b-9868-57a2d4851a1d" relativeResultsDirectory="657ddea4-cd35-4019-9170-c10d2034a57b">
    </UnitTestResult>
    <UnitTestResult executionId="d104f1e2-9ac5-4c3f-80fb-67955e24803d" testId="0a41fb0f-a8b0-b3ac-6e30-7c40c15df401" testName="CanUseIndexers" computerName="PATRICKSDESKPRO" duration="00:00:00.0025475" startTime="2011-07-13T23:23:11.7249802-04:00" endTime="2011-07-13T23:23:11.7319806-04:00" testType="13cdc9d9-ddb5-4fa4-a97d-d965ccfc6d4b" outcome="Passed" testListId="8c84fa94-04c1-424b-9868-57a2d4851a1d" relativeResultsDirectory="d104f1e2-9ac5-4c3f-80fb-67955e24803d">
    </UnitTestResult>
    <UnitTestResult executionId="ee0b1fe0-ecdc-4c60-bce7-1640bc5a4ad6" testId="7c8bc13f-09e0-d563-ec19-ab74427fbcfb" testName="CanUseDictionaryForValues" computerName="PATRICKSDESKPRO" duration="00:00:00.0007081" startTime="2011-07-13T23:23:11.7329807-04:00" endTime="2011-07-13T23:23:11.7369809-04:00" testType="13cdc9d9-ddb5-4fa4-a97d-d965ccfc6d4b" outcome="Passed" testListId="8c84fa94-04c1-424b-9868-57a2d4851a1d" relativeResultsDirectory="ee0b1fe0-ecdc-4c60-bce7-1640bc5a4ad6">
    </UnitTestResult>
  </Results>
</TestRun>