<?xml version="1.0" encoding="UTF-8"?>
<TestRun id="ccdef889-2f50-4cc0-8c8a-7ff4f9d08ce4" name="tncbbthositg@PATRICKSDESKPRO 2011-07-13 23:22:42" runUser="PatricksDeskPro\tncbbthositg" xmlns="http://microsoft.com/schemas/VisualStudio/TeamTest/2010">
  <TestSettings name="Default Test Settings" id="ca21da61-5954-4572-8e7f-644e2681b073">
    <Deployment runDeploymentRoot="tncbbthositg_PATRICKSDESKPRO 2011-07-13 23_22_42">
      <DeploymentItem filename="C:\Users\tncbbthositg\Documents\Version Repositories\GitHub\ObjectFormatter\ObjectFormatter\bin\Debug\ObjectFormatting.dll" />
    </Deployment>
    <Execution>
      <TestTypeSpecific />
      <AgentRule name="Execution Agents">
      </AgentRule>
    </Execution>
  </TestSettings>
  <Times creation="2011-07-13T23:22:42.6033145-04:00" queuing="2011-07-13T23:22:43.0163382-04:00" start="2011-07-13T23:22:43.0543403-04:00" finish="2011-07-13T23:22:43.3833592-04:00" />
  <ResultSummary outcome="Completed">
    <Counters total="7" executed="7" passed="7" error="0" failed="0" timeout="0" aborted="0" inconclusive="0" passedButRunAborted="0" notRunnable="0" notExecuted="0" disconnected="0" warning="0" completed="0" inProgress="0" pending="0" />
  </ResultSummary>
  <TestDefinitions>
    <UnitTest name="CanEscapeSquirlyBrackets" storage="c:\users\tncbbthositg\documents\version repositories\github\objectformatter\objectformattertests\bin\debug\objectformattertests.dll" id="458ea6c3-4507-616b-db27-f3435efe7026">
      <Execution id="192908c8-c8a6-4b3a-8f63-d90268cba778" />
      <TestMethod codeBase="C:/Users/tncbbthositg/Documents/Version Repositories/GitHub/ObjectFormatter/ObjectFormatterTests/bin/Debug/ObjectFormatterTests.DLL" adapterTypeName="Microsoft.VisualStudio.TestTools.TestTypes.Unit.UnitTestAdapter, Microsoft.VisualStudio.QualityTools.Tips.UnitTest.Adapter, Version=10.0.0.0, Culture=neutral, PublicKeyToken=b03f5f7f11d50a3a" className="ObjectFormatterTests.ObjectFormatterUnitTest, ObjectFormatterTests, Version=1.0.0.0, Culture=neutral, PublicKeyToken=null" name="CanEscapeSquirlyBrackets" />
    </UnitTest>
    <UnitTest name="CanUseDictionaryForValues" storage="c:\users\tncbbthositg\documents\version repositories\github\objectformatter\objectformattertests\bin\debug\objectformattertests.dll" id="7c8bc13f-09e0-d563-ec19-ab74427fbcfb">
      <Execution id="a555a606-5559-4924-a63b-36f17d7c9460" />
      <TestMethod codeBase="C:/Users/tncbbthositg/Documents/Version Repositories/GitHub/ObjectFormatter/ObjectFormatterTests/bin/Debug/ObjectFormatterTests.DLL" adapterTypeName="Microsoft.VisualStudio.TestTools.TestTypes.Unit.UnitTestAdapter, Microsoft.VisualStudio.QualityTools.Tips.UnitTest.Adapter, Version=10.0.0.0, Culture=neutral, PublicKeyToken=b03f5f7f11d50a3a" className="ObjectFormatterTests.ObjectFormatterUnitTest, ObjectFormatterTests, Version=1.0.0.0, Culture=neutral, PublicKeyToken=null" name="CanUseDictionaryForValues" />
    </UnitTest>
    <UnitTest name="CanOutputBasicFormat" storage="c:\users\tncbbthositg\documents\version repositories\github\objectformatter\objectformattertests\bin\debug\objectformattertests.dll" id="7f446857-0d8d-0637-ab39-c34f792e0169">
      <Execution id="e12a0870-a336-470f-b72d-146f5a14ee33" />
      <TestMethod codeBase="C:/Users/tncbbthositg/Documents/Version Repositories/GitHub/ObjectFormatter/ObjectFormatterTests/bin/Debug/ObjectFormatterTests.DLL" adapterTypeName="Microsoft.VisualStudio.TestTools.TestTypes.Unit.UnitTestAdapter, Microsoft.VisualStudio.QualityTools.Tips.UnitTest.Adapter, Version=10.0.0.0, Culture=neutral, PublicKeyToken=b03f5f7f11d50a3a" className="ObjectFormatterTests.ObjectFormatterUnitTest, ObjectFormatterTests, Version=1.0.0.0, Culture=neutral, PublicKeyToken=null" name="CanOutputBasicFormat" />
    </UnitTest>
    <UnitTest name="CanAccessChildProperties" storage="c:\users\tncbbthositg\documents\version repositories\github\objectformatter\objectformattertests\bin\debug\objectformattertests.dll" id="7b8c24c3-ea9c-3ef0-7cf3-f28298cfdec7">
      <Execution id="a2bb7e02-f373-4cea-96ae-4b77d98f87da" />
      <TestMethod codeBase="C:/Users/tncbbthositg/Documents/Version Repositories/GitHub/ObjectFormatter/ObjectFormatterTests/bin/Debug/ObjectFormatterTests.DLL" adapterTypeName="Microsoft.VisualStudio.TestTools.TestTypes.Unit.UnitTestAdapter, Microsoft.VisualStudio.QualityTools.Tips.UnitTest.Adapter, Version=10.0.0.0, Culture=neutral, PublicKeyToken=b03f5f7f11d50a3a" className="ObjectFormatterTests.ObjectFormatterUnitTest, ObjectFormatterTests, Version=1.0.0.0, Culture=neutral, PublicKeyToken=null" name="CanAccessChildProperties" />
    </UnitTest>
    <UnitTest name="CanUseIndexers" storage="c:\users\tncbbthositg\documents\version repositories\github\objectformatter\objectformattertests\bin\debug\objectformattertests.dll" id="0a41fb0f-a8b0-b3ac-6e30-7c40c15df401">
      <Execution id="5ed6935e-b348-4e6e-bdb1-cbee4625d883" />
      <TestMethod codeBase="C:/Users/tncbbthositg/Documents/Version Repositories/GitHub/ObjectFormatter/ObjectFormatterTests/bin/Debug/ObjectFormatterTests.DLL" adapterTypeName="Microsoft.VisualStudio.TestTools.TestTypes.Unit.UnitTestAdapter, Microsoft.VisualStudio.QualityTools.Tips.UnitTest.Adapter, Version=10.0.0.0, Culture=neutral, PublicKeyToken=b03f5f7f11d50a3a" className="ObjectFormatterTests.ObjectFormatterUnitTest, ObjectFormatterTests, Version=1.0.0.0, Culture=neutral, PublicKeyToken=null" name="CanUseIndexers" />
    </UnitTest>
    <UnitTest name="CanUseStringFormatSpecifiers" storage="c:\users\tncbbthositg\documents\version repositories\github\objectformatter\objectformattertests\bin\debug\objectformattertests.dll" id="ff11ac98-56b6-363f-e9f4-3cc4ba98e077">
      <Execution id="4c61c539-d8f3-45e6-aecb-ddb449b26696" />
      <TestMethod codeBase="C:/Users/tncbbthositg/Documents/Version Repositories/GitHub/ObjectFormatter/ObjectFormatterTests/bin/Debug/ObjectFormatterTests.DLL" adapterTypeName="Microsoft.VisualStudio.TestTools.TestTypes.Unit.UnitTestAdapter, Microsoft.VisualStudio.QualityTools.Tips.UnitTest.Adapter, Version=10.0.0.0, Culture=neutral, PublicKeyToken=b03f5f7f11d50a3a" className="ObjectFormatterTests.ObjectFormatterUnitTest, ObjectFormatterTests, Version=1.0.0.0, Culture=neutral, PublicKeyToken=null" name="CanUseStringFormatSpecifiers" />
    </UnitTest>
    <UnitTest name="CanOutputConstant" storage="c:\users\tncbbthositg\documents\version repositories\github\objectformatter\objectformattertests\bin\debug\objectformattertests.dll" id="eb13288a-d1dc-03bb-1d0f-1b53fd2114f4">
      <Execution id="292cfc20-a511-4225-bec0-7ec8854d8064" />
      <TestMethod codeBase="C:/Users/tncbbthositg/Documents/Version Repositories/GitHub/ObjectFormatter/ObjectFormatterTests/bin/Debug/ObjectFormatterTests.DLL" adapterTypeName="Microsoft.VisualStudio.TestTools.TestTypes.Unit.UnitTestAdapter, Microsoft.VisualStudio.QualityTools.Tips.UnitTest.Adapter, Version=10.0.0.0, Culture=neutral, PublicKeyToken=b03f5f7f11d50a3a" className="ObjectFormatterTests.ObjectFormatterUnitTest, ObjectFormatterTests, Version=1.0.0.0, Culture=neutral, PublicKeyToken=null" name="CanOutputConstant" />
    </UnitTest>
  </TestDefinitions>
  <TestLists>
    <TestList name="Results Not in a List" id="8c84fa94-04c1-424b-9868-57a2d4851a1d" />
    <TestList name="All Loaded Results" id="19431567-8539-422a-85d7-44ee4e166bda" />
  </TestLists>
  <TestEntries>
    <TestEntry testId="eb13288a-d1dc-03bb-1d0f-1b53fd2114f4" executionId="292cfc20-a511-4225-bec0-7ec8854d8064" testListId="8c84fa94-04c1-424b-9868-57a2d4851a1d" />
    <TestEntry testId="7f446857-0d8d-0637-ab39-c34f792e0169" executionId="e12a0870-a336-470f-b72d-146f5a14ee33" testListId="8c84fa94-04c1-424b-9868-57a2d4851a1d" />
    <TestEntry testId="ff11ac98-56b6-363f-e9f4-3cc4ba98e077" executionId="4c61c539-d8f3-45e6-aecb-ddb449b26696" testListId="8c84fa94-04c1-424b-9868-57a2d4851a1d" />
    <TestEntry testId="458ea6c3-4507-616b-db27-f3435efe7026" executionId="192908c8-c8a6-4b3a-8f63-d90268cba778" testListId="8c84fa94-04c1-424b-9868-57a2d4851a1d" />
    <TestEntry testId="7b8c24c3-ea9c-3ef0-7cf3-f28298cfdec7" executionId="a2bb7e02-f373-4cea-96ae-4b77d98f87da" testListId="8c84fa94-04c1-424b-9868-57a2d4851a1d" />
    <TestEntry testId="0a41fb0f-a8b0-b3ac-6e30-7c40c15df401" executionId="5ed6935e-b348-4e6e-bdb1-cbee4625d883" testListId="8c84fa94-04c1-424b-9868-57a2d4851a1d" />
    <TestEntry testId="7c8bc13f-09e0-d563-ec19-ab74427fbcfb" executionId="a555a606-5559-4924-a63b-36f17d7c9460" testListId="8c84fa94-04c1-424b-9868-57a2d4851a1d" />
  </TestEntries>
  <Results>
    <UnitTestResult executionId="292cfc20-a511-4225-bec0-7ec8854d8064" testId="eb13288a-d1dc-03bb-1d0f-1b53fd2114f4" testName="CanOutputConstant" computerName="PATRICKSDESKPRO" duration="00:00:00.0148796" startTime="2011-07-13T23:22:43.0643409-04:00" endTime="2011-07-13T23:22:43.3183554-04:00" testType="13cdc9d9-ddb5-4fa4-a97d-d965ccfc6d4b" outcome="Passed" testListId="8c84fa94-04c1-424b-9868-57a2d4851a1d" relativeResultsDirectory="292cfc20-a511-4225-bec0-7ec8854d8064">
    </UnitTestResult>
    <UnitTestResult executionId="e12a0870-a336-470f-b72d-146f5a14ee33" testId="7f446857-0d8d-0637-ab39-c34f792e0169" testName="CanOutputBasicFormat" computerName="PATRICKSDESKPRO" duration="00:00:00.0120708" startTime="2011-07-13T23:22:43.3203556-04:00" endTime="2011-07-13T23:22:43.3353564-04:00" testType="13cdc9d9-ddb5-4fa4-a97d-d965ccfc6d4b" outcome="Passed" testListId="8c84fa94-04c1-424b-9868-57a2d4851a1d" relativeResultsDirectory="e12a0870-a336-470f-b72d-146f5a14ee33">
    </UnitTestResult>
    <UnitTestResult executionId="4c61c539-d8f3-45e6-aecb-ddb449b26696" testId="ff11ac98-56b6-363f-e9f4-3cc4ba98e077" testName="CanUseStringFormatSpecifiers" computerName="PATRICKSDESKPRO" duration="00:00:00.0013612" startTime="2011-07-13T23:22:43.3373565-04:00" endTime="2011-07-13T23:22:43.3423568-04:00" testType="13cdc9d9-ddb5-4fa4-a97d-d965ccfc6d4b" outcome="Passed" testListId="8c84fa94-04c1-424b-9868-57a2d4851a1d" relativeResultsDirectory="4c61c539-d8f3-45e6-aecb-ddb449b26696">
    </UnitTestResult>
    <UnitTestResult executionId="192908c8-c8a6-4b3a-8f63-d90268cba778" testId="458ea6c3-4507-616b-db27-f3435efe7026" testName="CanEscapeSquirlyBrackets" computerName="PATRICKSDESKPRO" duration="00:00:00.0005504" startTime="2011-07-13T23:22:43.3433569-04:00" endTime="2011-07-13T23:22:43.3473571-04:00" testType="13cdc9d9-ddb5-4fa4-a97d-d965ccfc6d4b" outcome="Passed" testListId="8c84fa94-04c1-424b-9868-57a2d4851a1d" relativeResultsDirectory="192908c8-c8a6-4b3a-8f63-d90268cba778">
    </UnitTestResult>
    <UnitTestResult executionId="a2bb7e02-f373-4cea-96ae-4b77d98f87da" testId="7b8c24c3-ea9c-3ef0-7cf3-f28298cfdec7" testName="CanAccessChildProperties" computerName="PATRICKSDESKPRO" duration="00:00:00.0008910" startTime="2011-07-13T23:22:43.3493572-04:00" endTime="2011-07-13T23:22:43.3533574-04:00" testType="13cdc9d9-ddb5-4fa4-a97d-d965ccfc6d4b" outcome="Passed" testListId="8c84fa94-04c1-424b-9868-57a2d4851a1d" relativeResultsDirectory="a2bb7e02-f373-4cea-96ae-4b77d98f87da">
    </UnitTestResult>
    <UnitTestResult executionId="5ed6935e-b348-4e6e-bdb1-cbee4625d883" testId="0a41fb0f-a8b0-b3ac-6e30-7c40c15df401" testName="CanUseIndexers" computerName="PATRICKSDESKPRO" duration="00:00:00.0031106" startTime="2011-07-13T23:22:43.3553576-04:00" endTime="2011-07-13T23:22:43.3613579-04:00" testType="13cdc9d9-ddb5-4fa4-a97d-d965ccfc6d4b" outcome="Passed" testListId="8c84fa94-04c1-424b-9868-57a2d4851a1d" relativeResultsDirectory="5ed6935e-b348-4e6e-bdb1-cbee4625d883">
    </UnitTestResult>
    <UnitTestResult executionId="a555a606-5559-4924-a63b-36f17d7c9460" testId="7c8bc13f-09e0-d563-ec19-ab74427fbcfb" testName="CanUseDictionaryForValues" computerName="PATRICKSDESKPRO" duration="00:00:00.0007090" startTime="2011-07-13T23:22:43.3633580-04:00" endTime="2011-07-13T23:22:43.3673582-04:00" testType="13cdc9d9-ddb5-4fa4-a97d-d965ccfc6d4b" outcome="Passed" testListId="8c84fa94-04c1-424b-9868-57a2d4851a1d" relativeResultsDirectory="a555a606-5559-4924-a63b-36f17d7c9460">
    </UnitTestResult>
  </Results>
</TestRun>